com\example\exam\model\Exam.class
com\example\exam\model\ExamResult.class
com\example\exam\repository\ExamRepository.class
com\example\exam\config\MvcConfig.class
com\example\exam\controller\ReviewController.class
com\example\exam\repository\ExamAnswerRepository.class
com\example\exam\controller\AdminController.class
com\example\exam\config\GlobalControllerAdvice.class
com\example\exam\service\UserService.class
com\example\exam\controller\StudentController.class
com\example\exam\repository\ExamResultRepository.class
com\example\exam\service\FileStorageService.class
com\example\exam\service\UserServiceImpl.class
com\example\exam\model\User.class
com\example\exam\config\SecurityConfig.class
com\example\exam\controller\ExamController.class
com\example\exam\repository\UserRepository.class
com\example\exam\model\ExamAnswer.class
com\example\exam\OnlineExamApplication.class
com\example\exam\repository\QuestionRepository.class
com\example\exam\model\Question.class
com\example\exam\service\CustomUserDetailsService.class
com\example\exam\config\CustomAuthSuccessHandler.class
com\example\exam\controller\AuthController.class
