C:\Demo1\online-exam-system-master\src\main\java\com\example\exam\controller\AdminController.java
C:\Demo1\online-exam-system-master\src\main\java\com\example\exam\controller\StudentController.java
C:\Demo1\online-exam-system-master\src\main\java\com\example\exam\config\GlobalControllerAdvice.java
C:\Demo1\online-exam-system-master\src\main\java\com\example\exam\service\CustomUserDetailsService.java
C:\Demo1\online-exam-system-master\src\main\java\com\example\exam\config\SecurityConfig.java
C:\Demo1\online-exam-system-master\src\main\java\com\example\exam\repository\ExamRepository.java
C:\Demo1\online-exam-system-master\src\main\java\com\example\exam\model\ExamAnswer.java
C:\Demo1\online-exam-system-master\src\main\java\com\example\exam\repository\UserRepository.java
C:\Demo1\online-exam-system-master\src\main\java\com\example\exam\controller\ReviewController.java
C:\Demo1\online-exam-system-master\src\main\java\com\example\exam\config\MvcConfig.java
C:\Demo1\online-exam-system-master\src\main\java\com\example\exam\service\UserServiceImpl.java
C:\Demo1\online-exam-system-master\src\main\java\com\example\exam\service\UserService.java
C:\Demo1\online-exam-system-master\src\main\java\com\example\exam\controller\AuthController.java
C:\Demo1\online-exam-system-master\src\main\java\com\example\exam\model\Question.java
C:\Demo1\online-exam-system-master\src\main\java\com\example\exam\OnlineExamApplication.java
C:\Demo1\online-exam-system-master\src\main\java\com\example\exam\config\CustomAuthSuccessHandler.java
C:\Demo1\online-exam-system-master\src\main\java\com\example\exam\controller\ExamController.java
C:\Demo1\online-exam-system-master\src\main\java\com\example\exam\repository\ExamResultRepository.java
C:\Demo1\online-exam-system-master\src\main\java\com\example\exam\repository\QuestionRepository.java
C:\Demo1\online-exam-system-master\src\main\java\com\example\exam\model\ExamResult.java
C:\Demo1\online-exam-system-master\src\main\java\com\example\exam\model\User.java
C:\Demo1\online-exam-system-master\src\main\java\com\example\exam\service\FileStorageService.java
C:\Demo1\online-exam-system-master\src\main\java\com\example\exam\model\Exam.java
C:\Demo1\online-exam-system-master\src\main\java\com\example\exam\repository\ExamAnswerRepository.java
